{
  "annotations": {
    "title": "Delete user package version",
    "readOnlyHint": false
  },
  "description": "Delete a specific version of a package from the authenticated user's account. Requires delete:packages scope.",
  "inputSchema": {
    "properties": {
      "package_name": {
        "description": "Package name",
        "type": "string"
      },
      "package_type": {
        "description": "Package type",
        "enum": [
          "npm",
          "maven",
          "rubygems",
          "docker",
          "nuget",
          "container"
        ],
        "type": "string"
      },
      "package_version_id": {
        "description": "Package version ID",
        "type": "number"
      }
    },
    "required": [
      "package_type",
      "package_name",
      "package_version_id"
    ],
    "type": "object"
  },
  "name": "delete_user_package_version"
}