{
  "annotations": {
    "title": "Get package version details",
    "readOnlyHint": true
  },
  "description": "Get details of a specific package version, including metadata.",
  "inputSchema": {
    "properties": {
      "org": {
        "description": "Organization name",
        "type": "string"
      },
      "package_name": {
        "description": "Package name",
        "type": "string"
      },
      "package_type": {
        "description": "Package type",
        "enum": [
          "npm",
          "maven",
          "rubygems",
          "docker",
          "nuget",
          "container"
        ],
        "type": "string"
      },
      "package_version_id": {
        "description": "Package version ID",
        "type": "number"
      }
    },
    "required": [
      "org",
      "package_type",
      "package_name",
      "package_version_id"
    ],
    "type": "object"
  },
  "name": "get_package_version"
}