{
  "annotations": {
    "title": "List organization repository rulesets",
    "readOnlyHint": true
  },
  "description": "List all organization repository rulesets",
  "inputSchema": {
    "properties": {
      "org": {
        "description": "Organization name",
        "type": "string"
      },
      "page": {
        "description": "Page number for pagination (min 1)",
        "minimum": 1,
        "type": "number"
      },
      "perPage": {
        "description": "Results per page for pagination (min 1, max 100)",
        "maximum": 100,
        "minimum": 1,
        "type": "number"
      }
    },
    "required": [
      "org"
    ],
    "type": "object"
  },
  "name": "list_organization_repository_rulesets"
}