{
  "annotations": {
    "title": "List repository rule suites",
    "readOnlyHint": true
  },
  "description": "List rule suites for a repository",
  "inputSchema": {
    "properties": {
      "actorName": {
        "description": "The handle for the GitHub user account to filter on",
        "type": "string"
      },
      "owner": {
        "description": "Repository owner",
        "type": "string"
      },
      "page": {
        "description": "Page number for pagination (min 1)",
        "minimum": 1,
        "type": "number"
      },
      "perPage": {
        "description": "Results per page for pagination (min 1, max 100)",
        "maximum": 100,
        "minimum": 1,
        "type": "number"
      },
      "ref": {
        "description": "The name of the ref (branch, tag, etc.) to filter rule suites by",
        "type": "string"
      },
      "repo": {
        "description": "Repository name",
        "type": "string"
      },
      "ruleSuiteResult": {
        "description": "The rule suite result to filter by. Options: pass, fail, bypass",
        "type": "string"
      },
      "timePeriod": {
        "description": "The time period to filter by. Options: hour, day, week, month",
        "type": "string"
      }
    },
    "required": [
      "owner",
      "repo"
    ],
    "type": "object"
  },
  "name": "list_repository_rule_suites"
}