{
  "annotations": {
    "title": "List package versions",
    "readOnlyHint": true
  },
  "description": "List versions of a package for an organization. Each version includes metadata.",
  "inputSchema": {
    "properties": {
      "org": {
        "description": "Organization name",
        "type": "string"
      },
      "package_name": {
        "description": "Package name",
        "type": "string"
      },
      "package_type": {
        "description": "Package type",
        "enum": [
          "npm",
          "maven",
          "rubygems",
          "docker",
          "nuget",
          "container"
        ],
        "type": "string"
      },
      "page": {
        "description": "Page number for pagination (min 1)",
        "minimum": 1,
        "type": "number"
      },
      "perPage": {
        "description": "Results per page for pagination (min 1, max 100)",
        "maximum": 100,
        "minimum": 1,
        "type": "number"
      },
      "state": {
        "description": "Filter by version state",
        "enum": [
          "active",
          "deleted"
        ],
        "type": "string"
      }
    },
    "required": [
      "org",
      "package_type",
      "package_name"
    ],
    "type": "object"
  },
  "name": "list_package_versions"
}