{
  "annotations": {
    "title": "List user packages",
    "readOnlyHint": true
  },
  "description": "List packages for a GitHub user. Note: Download statistics are not available via the GitHub REST API.",
  "inputSchema": {
    "properties": {
      "package_type": {
        "description": "Filter by package type",
        "enum": [
          "npm",
          "maven",
          "rubygems",
          "docker",
          "nuget",
          "container"
        ],
        "type": "string"
      },
      "page": {
        "description": "Page number for pagination (min 1)",
        "minimum": 1,
        "type": "number"
      },
      "perPage": {
        "description": "Results per page for pagination (min 1, max 100)",
        "maximum": 100,
        "minimum": 1,
        "type": "number"
      },
      "username": {
        "description": "GitHub username",
        "type": "string"
      },
      "visibility": {
        "description": "Filter by package visibility",
        "enum": [
          "public",
          "private",
          "internal"
        ],
        "type": "string"
      }
    },
    "required": [
      "username"
    ],
    "type": "object"
  },
  "name": "list_user_packages"
}