{
  "annotations": {
    "title": "List milestones",
    "readOnlyHint": true
  },
  "description": "List milestones for a repository.",
  "inputSchema": {
    "properties": {
      "direction": {
        "description": "Sort direction",
        "enum": [
          "asc",
          "desc"
        ],
        "type": "string"
      },
      "owner": {
        "description": "Repository owner",
        "type": "string"
      },
      "page": {
        "description": "Page number for pagination (min 1)",
        "minimum": 1,
        "type": "number"
      },
      "perPage": {
        "description": "Results per page for pagination (min 1, max 100)",
        "maximum": 100,
        "minimum": 1,
        "type": "number"
      },
      "repo": {
        "description": "Repository name",
        "type": "string"
      },
      "sort": {
        "description": "Sort field",
        "enum": [
          "due_on",
          "completeness"
        ],
        "type": "string"
      },
      "state": {
        "description": "Filter by state",
        "enum": [
          "open",
          "closed",
          "all"
        ],
        "type": "string"
      }
    },
    "required": [
      "owner",
      "repo"
    ],
    "type": "object"
  },
  "name": "list_milestones"
}