{
  "annotations": {
    "title": "Read operations for releases",
    "readOnlyHint": true
  },
  "description": "Read operations for GitHub releases in a repository.\n\nAvailable methods:\n- list: List all releases in a repository.\n- get_latest: Get the latest release in a repository.\n- get_by_tag: Get a specific release by its tag name.\n",
  "inputSchema": {
    "properties": {
      "method": {
        "description": "The read operation to perform on releases.",
        "enum": [
          "list",
          "get_latest",
          "get_by_tag"
        ],
        "type": "string"
      },
      "owner": {
        "description": "Repository owner",
        "type": "string"
      },
      "page": {
        "description": "Page number for pagination (min 1)",
        "minimum": 1,
        "type": "number"
      },
      "perPage": {
        "description": "Results per page for pagination (min 1, max 100)",
        "maximum": 100,
        "minimum": 1,
        "type": "number"
      },
      "repo": {
        "description": "Repository name",
        "type": "string"
      },
      "tag": {
        "description": "Tag name (required for get_by_tag method)",
        "type": "string"
      }
    },
    "required": [
      "method",
      "owner",
      "repo"
    ],
    "type": "object"
  },
  "name": "release_read"
}